// Jest Snapshot v1, https://goo.gl/fbAQLP

exports[`ItemList should render without error 1`] = `null`;
